// Vitest Snapshot v1, https://vitest.dev/guide/snapshot.html

exports[`ThemeButton > renders the component. dark 1`] = `
<DocumentFragment>
  <button
    class="nav-link text-secondary text-white"
    data-testid="theme-button"
    title="light"
    type="button"
  >
    <svg
      class="bi bi-sun"
      fill="currentColor"
      height="20"
      viewBox="0 0 16 16"
      width="20"
      xmlns="http://www.w3.org/2000/svg"
    >
      <path
        d="M8 11a3 3 0 1 1 0-6 3 3 0 0 1 0 6m0 1a4 4 0 1 0 0-8 4 4 0 0 0 0 8M8 0a.5.5 0 0 1 .5.5v2a.5.5 0 0 1-1 0v-2A.5.5 0 0 1 8 0m0 13a.5.5 0 0 1 .5.5v2a.5.5 0 0 1-1 0v-2A.5.5 0 0 1 8 13m8-5a.5.5 0 0 1-.5.5h-2a.5.5 0 0 1 0-1h2a.5.5 0 0 1 .5.5M3 8a.5.5 0 0 1-.5.5h-2a.5.5 0 0 1 0-1h2A.5.5 0 0 1 3 8m10.657-5.657a.5.5 0 0 1 0 .707l-1.414 1.415a.5.5 0 1 1-.707-.708l1.414-1.414a.5.5 0 0 1 .707 0m-9.193 9.193a.5.5 0 0 1 0 .707L3.05 13.657a.5.5 0 0 1-.707-.707l1.414-1.414a.5.5 0 0 1 .707 0m9.193 2.121a.5.5 0 0 1-.707 0l-1.414-1.414a.5.5 0 0 1 .707-.707l1.414 1.414a.5.5 0 0 1 0 .707M4.464 4.465a.5.5 0 0 1-.707 0L2.343 3.05a.5.5 0 1 1 .707-.707l1.414 1.414a.5.5 0 0 1 0 .708"
      />
    </svg>
  </button>
</DocumentFragment>
`;

exports[`ThemeButton > renders the component. default 1`] = `
<DocumentFragment>
  <button
    class="nav-link text-secondary text-white"
    data-testid="theme-button"
    title="auto"
    type="button"
  >
    <svg
      class="bi bi-circle-half"
      fill="currentColor"
      height="20"
      viewBox="0 0 16 16"
      width="20"
      xmlns="http://www.w3.org/2000/svg"
    >
      <path
        d="M8 15A7 7 0 1 0 8 1zm0 1A8 8 0 1 1 8 0a8 8 0 0 1 0 16"
      />
    </svg>
  </button>
</DocumentFragment>
`;
