// Vitest Snapshot v1, https://vitest.dev/guide/snapshot.html

exports[`Theme > renders the component. dark 1`] = `
<DocumentFragment>
  <button
    class="nav-link text-secondary text-white"
    data-testid="theme-button"
    title="light"
    type="button"
  >
    <svg
      class="svg-icon svg-icon--md"
      fill="currentColor"
      height="16"
      viewBox="0 -960 960 960"
      width="16"
      xmlns="http://www.w3.org/2000/svg"
    >
      <path
        d="M480-360q50 0 85-35t35-85q0-50-35-85t-85-35q-50 0-85 35t-35 85q0 50 35 85t85 35Zm0 40q-66.85 0-113.42-46.58Q320-413.15 320-480t46.58-113.42Q413.15-640 480-640t113.42 46.58Q640-546.85 640-480t-46.58 113.42Q546.85-320 480-320ZM80-460q-8.5 0-14.25-5.76T60-480.03q0-8.51 5.75-14.24T80-500h100q8.5 0 14.25 5.76t5.75 14.27q0 8.51-5.75 14.24T180-460H80Zm700 0q-8.5 0-14.25-5.76T760-480.03q0-8.51 5.75-14.24T780-500h100q8.5 0 14.25 5.76t5.75 14.27q0 8.51-5.75 14.24T880-460H780ZM479.97-760q-8.51 0-14.24-5.75T460-780v-100q0-8.5 5.76-14.25t14.27-5.75q8.51 0 14.24 5.75T500-880v100q0 8.5-5.76 14.25T479.97-760Zm0 700q-8.51 0-14.24-5.75T460-80v-100q0-8.5 5.76-14.25t14.27-5.75q8.51 0 14.24 5.75T500-180v100q0 8.5-5.76 14.25T479.97-60ZM254.46-678.77l-57.61-55.85q-5.85-5.61-5.73-13.76.11-8.16 5.96-14.77 6.38-6.62 14.15-6.62 7.77 0 14.15 6.62L282-706.31q6.38 6.62 6.38 14.16 0 7.53-6 14.15t-13.65 6.12q-7.65-.5-14.27-6.89Zm480.16 481.92L678-253.69q-6.38-6.62-6.38-14.27 0-7.66 6.38-14.04 5.23-6.62 13.08-6.12 7.84.5 14.46 6.89l57.61 55.85q5.85 5.61 5.73 13.76-.11 8.16-5.96 14.77-6.38 6.62-14.15 6.62-7.77 0-14.15-6.62ZM678-677.62q-6.62-6-6.12-13.65t6.89-14.27l55.85-57.61q5.61-5.85 13.76-5.73 8.16.11 14.77 5.96 6.62 6.38 6.62 14.15 0 7.77-6.62 14.15L706.31-678q-6.62 6.38-14.16 6.38-7.53 0-14.15-6ZM196.85-196.68q-6.62-6.78-6.62-14.55 0-7.77 6.62-14.15L253.69-282q6.62-6.38 14.27-6.38 7.66 0 14.04 6.38 5.85 5.23 5.35 13.08-.5 7.84-6.12 14.46l-55.85 57.61q-6.38 6.62-14.15 6.5-7.77-.11-14.38-6.33ZM480-480Z"
        stroke="currentColor"
        stroke-width="12"
      />
    </svg>
  </button>
</DocumentFragment>
`;

exports[`Theme > renders the component. default 1`] = `
<DocumentFragment>
  <button
    class="nav-link text-secondary text-white"
    data-testid="theme-button"
    title="auto"
    type="button"
  >
    <svg
      class="svg-icon svg-icon--md"
      fill="currentColor"
      height="16"
      viewBox="0 -960 960 960"
      width="16"
      xmlns="http://www.w3.org/2000/svg"
    >
      <path
        d="M480.13-120q-74.67 0-140.41-28.34-65.73-28.34-114.36-76.92-48.63-48.58-76.99-114.26Q120-405.19 120-479.87q0-74.67 28.34-140.41 28.34-65.73 76.92-114.36 48.58-48.63 114.26-76.99Q405.19-840 479.87-840q74.67 0 140.41 28.34 65.73 28.34 114.36 76.92 48.63 48.58 76.99 114.26Q840-554.81 840-480.13q0 74.67-28.34 140.41-28.34 65.73-76.92 114.36-48.58 48.63-114.26 76.99Q554.81-120 480.13-120ZM500-160.69q123.62-8.08 211.81-98.35T800-480q0-130.69-87.42-220.19-87.43-89.5-212.58-99.12v638.62Z"
        stroke="currentColor"
        stroke-width="12"
      />
    </svg>
  </button>
</DocumentFragment>
`;
