// Vitest Snapshot v1, https://vitest.dev/guide/snapshot.html

exports[`Paging > should match expected snapshot 1`] = `
<DocumentFragment>
  <h1
    class="title title--alone"
  >
    Pagination
  </h1>
  <div
    class="card"
  >
    <ul
      class="list-group list-group-flush"
    >
      <li
        class="list-group-item"
      >
        <table
          class="table"
        >
          <thead>
            <tr>
              <th
                scope="col"
              >
                #
              </th>
              <th
                scope="col"
              >
                First
              </th>
              <th
                scope="col"
              >
                Last
              </th>
              <th
                scope="col"
              >
                Handle
              </th>
            </tr>
          </thead>
          <tbody>
            <tr>
              <th
                scope="row"
              >
                1
              </th>
              <td>
                Mark
              </td>
              <td>
                Otto
              </td>
              <td>
                @mdo
              </td>
            </tr>
            <tr>
              <th
                scope="row"
              >
                2
              </th>
              <td>
                Jacob
              </td>
              <td>
                Thornton
              </td>
              <td>
                @fat
              </td>
            </tr>
            <tr>
              <th
                scope="row"
              >
                3
              </th>
              <td
                colspan="2"
              >
                Larry the Bird
              </td>
              <td>
                @twitter
              </td>
            </tr>
          </tbody>
        </table>
        <nav>
          <ul
            class="pagination justify-content-center"
          >
            <li
              class="page-item"
            >
              <button
                class="page-link"
                type="button"
              >
                <span
                  aria-hidden="true"
                >
                  «
                </span>
              </button>
            </li>
            <li
              class="page-item"
            >
              <button
                class="page-link"
                type="button"
              >
                1
              </button>
            </li>
            <li
              class="page-item"
            >
              <button
                class="page-link"
                type="button"
              >
                2
              </button>
            </li>
            <li
              class="page-item"
            >
              <button
                class="page-link"
                type="button"
              >
                3
              </button>
            </li>
            <li
              class="page-item"
            >
              <button
                class="page-link"
                type="button"
              >
                <span
                  aria-hidden="true"
                >
                  »
                </span>
              </button>
            </li>
          </ul>
        </nav>
      </li>
    </ul>
  </div>
</DocumentFragment>
`;
