// Vitest Snapshot v1, https://vitest.dev/guide/snapshot.html

exports[`should match expected snapshot 1`] = `
<div
  className="card"
>
  <ul
    className="list-group list-group-flush"
  >
    <li
      className="list-group-item"
    >
      <table
        className="table"
      >
        <thead>
          <tr>
            <th
              scope="col"
            >
              #
            </th>
            <th
              scope="col"
            >
              First
            </th>
            <th
              scope="col"
            >
              Last
            </th>
            <th
              scope="col"
            >
              Handle
            </th>
          </tr>
        </thead>
        <tbody>
          <tr>
            <th
              scope="row"
            >
              1
            </th>
            <td>
              Mark
            </td>
            <td>
              Otto
            </td>
            <td>
              @mdo
            </td>
          </tr>
          <tr>
            <th
              scope="row"
            >
              2
            </th>
            <td>
              Jacob
            </td>
            <td>
              Thornton
            </td>
            <td>
              @fat
            </td>
          </tr>
          <tr>
            <th
              scope="row"
            >
              3
            </th>
            <td
              colSpan="2"
            >
              Larry the Bird
            </td>
            <td>
              @twitter
            </td>
          </tr>
        </tbody>
      </table>
      <nav>
        <ul
          className="pagination"
        >
          <li
            className="page-item"
          >
            <button
              className="page-link"
              type="button"
            >
              Previous
            </button>
          </li>
          <li
            className="page-item"
          >
            <button
              className="page-link"
              type="button"
            >
              1
            </button>
          </li>
          <li
            className="page-item"
          >
            <button
              className="page-link"
              type="button"
            >
              2
            </button>
          </li>
          <li
            className="page-item"
          >
            <button
              className="page-link"
              type="button"
            >
              3
            </button>
          </li>
          <li
            className="page-item"
          >
            <button
              className="page-link"
              type="button"
            >
              Next
            </button>
          </li>
        </ul>
      </nav>
    </li>
  </ul>
</div>
`;
