// Vitest Snapshot v1, https://vitest.dev/guide/snapshot.html

exports[`Header > renders the component. default 1`] = `
<DocumentFragment>
  <header>
    <div
      class="px-3 py-2 text-bg-dark border-bottom"
    >
      <div
        class="d-flex align-items-center justify-content-between"
      >
        <a
          class="d-flex align-items-center my-2 my-sm-0 me-sm-auto text-white text-decoration-none"
          href="/"
        >
          <img
            alt="Oriale"
            class="app-logo"
            src="/oriole/src/features/header/resources/logo.webp"
            title="Oriale"
          />
        </a>
        <ul
          class="nav col-sm-auto justify-content-center text-small my-2 my-sm-0"
        >
          <li>
            <button
              class="nav-link text-secondary text-white"
              title="FranÃ§ais"
              type="button"
            >
              fr
            </button>
          </li>
          <li>
            <button
              class="nav-link text-secondary text-white"
              data-testid="theme-button"
              title="light"
              type="button"
            >
              <svg
                class="svg-icon svg-icon--md"
                fill="currentColor"
                height="16"
                viewBox="0 -960 960 960"
                width="16"
                xmlns="http://www.w3.org/2000/svg"
              >
                <path
                  d="M480-360q50 0 85-35t35-85q0-50-35-85t-85-35q-50 0-85 35t-35 85q0 50 35 85t85 35Zm0 40q-66.85 0-113.42-46.58Q320-413.15 320-480t46.58-113.42Q413.15-640 480-640t113.42 46.58Q640-546.85 640-480t-46.58 113.42Q546.85-320 480-320ZM80-460q-8.5 0-14.25-5.76T60-480.03q0-8.51 5.75-14.24T80-500h100q8.5 0 14.25 5.76t5.75 14.27q0 8.51-5.75 14.24T180-460H80Zm700 0q-8.5 0-14.25-5.76T760-480.03q0-8.51 5.75-14.24T780-500h100q8.5 0 14.25 5.76t5.75 14.27q0 8.51-5.75 14.24T880-460H780ZM479.97-760q-8.51 0-14.24-5.75T460-780v-100q0-8.5 5.76-14.25t14.27-5.75q8.51 0 14.24 5.75T500-880v100q0 8.5-5.76 14.25T479.97-760Zm0 700q-8.51 0-14.24-5.75T460-80v-100q0-8.5 5.76-14.25t14.27-5.75q8.51 0 14.24 5.75T500-180v100q0 8.5-5.76 14.25T479.97-60ZM254.46-678.77l-57.61-55.85q-5.85-5.61-5.73-13.76.11-8.16 5.96-14.77 6.38-6.62 14.15-6.62 7.77 0 14.15 6.62L282-706.31q6.38 6.62 6.38 14.16 0 7.53-6 14.15t-13.65 6.12q-7.65-.5-14.27-6.89Zm480.16 481.92L678-253.69q-6.38-6.62-6.38-14.27 0-7.66 6.38-14.04 5.23-6.62 13.08-6.12 7.84.5 14.46 6.89l57.61 55.85q5.85 5.61 5.73 13.76-.11 8.16-5.96 14.77-6.38 6.62-14.15 6.62-7.77 0-14.15-6.62ZM678-677.62q-6.62-6-6.12-13.65t6.89-14.27l55.85-57.61q5.61-5.85 13.76-5.73 8.16.11 14.77 5.96 6.62 6.38 6.62 14.15 0 7.77-6.62 14.15L706.31-678q-6.62 6.38-14.16 6.38-7.53 0-14.15-6ZM196.85-196.68q-6.62-6.78-6.62-14.55 0-7.77 6.62-14.15L253.69-282q6.62-6.38 14.27-6.38 7.66 0 14.04 6.38 5.85 5.23 5.35 13.08-.5 7.84-6.12 14.46l-55.85 57.61q-6.38 6.62-14.15 6.5-7.77-.11-14.38-6.33ZM480-480Z"
                  stroke="currentColor"
                  stroke-width="12"
                />
              </svg>
            </button>
          </li>
          <li>
            <button
              class="nav-link text-secondary text-white"
              title="Logout"
              type="button"
            >
              <svg
                class="svg-icon"
                fill="currentColor"
                height="16"
                viewBox="0 -960 960 960"
                width="16"
                xmlns="http://www.w3.org/2000/svg"
              >
                <path
                  d="M224.62-160q-27.62 0-46.12-18.5Q160-197 160-224.62v-510.76q0-27.62 18.5-46.12Q197-800 224.62-800h236.15q8.54 0 14.27 5.73t5.73 14.27q0 8.54-5.73 14.27T460.77-760H224.62q-9.24 0-16.93 7.69-7.69 7.69-7.69 16.93v510.76q0 9.24 7.69 16.93 7.69 7.69 16.93 7.69h236.15q8.54 0 14.27 5.73t5.73 14.27q0 8.54-5.73 14.27T460.77-160H224.62Zm497.76-300H387.69q-8.54 0-14.27-5.73T367.69-480q0-8.54 5.73-14.27t14.27-5.73h334.69l-78.84-78.85q-5.62-5.61-6-13.53-.39-7.93 6-14.54 6.38-6.62 14.15-6.73 7.77-.12 14.39 6.5l104.54 104.53q9.69 9.7 9.69 22.62 0 12.92-9.69 22.62L672.08-352.85q-5.85 5.85-13.89 6.12-8.04.27-14.65-6.35-6.39-6.61-6.27-14.27.11-7.65 6.5-14.03L722.38-460Z"
                  stroke="currentColor"
                  stroke-width="12"
                />
              </svg>
            </button>
          </li>
        </ul>
      </div>
    </div>
  </header>
</DocumentFragment>
`;
