// Vitest Snapshot v1, https://vitest.dev/guide/snapshot.html

exports[`I18n > should match expected snapshot 1`] = `
<DocumentFragment>
  <h1>
    Internationalisation
  </h1>
  <select
    class="form-select"
    data-testid="i18n-lang-select"
  >
    <option
      value="fr"
    >
      Français
    </option>
    <option
      value="en"
    >
      English
    </option>
  </select>
  <ul
    class="list-group mt-3"
  >
    <li
      class="list-group-item"
    >
      Pagination
    </li>
    <li
      class="list-group-item"
    >
      Développer
    </li>
    <li
      class="list-group-item"
    >
      Boutons
    </li>
    <li
      class="list-group-item"
    >
      À propos de nous
    </li>
    <li
      class="list-group-item"
    >
      Réduire
    </li>
    <li
      class="list-group-item"
    >
      Journal des modifications
    </li>
    <li
      class="list-group-item"
    >
      Chargement...
    </li>
  </ul>
</DocumentFragment>
`;
